[2026-07-25 20:46:33] [INFO] === Iniciando Verificação de Rotina ===
[2026-07-25 20:46:33] [INFO] Uso de disco normal: 1%
[2026-07-25 20:46:33] [INFO] Uso atual de memória: 14%
[2026-07-25 20:46:33] [INFO] === Verificação Concluída ===
[2026-07-25 20:59:21] [INFO] === Iniciando Verificação de Rotina ===
[2026-07-25 20:59:21] [INFO] Uso de disco normal: 1%
[2026-07-25 20:59:21] [INFO] Uso atual de memória: 18%
[2026-07-25 20:59:21] [INFO] === Verificação Concluída ===
[2026-07-25 21:02:22] [INFO] === Iniciando Verificação de Rotina ===
[2026-07-25 21:02:22] [ALERT] Uso de disco elevado: 1% (Limite: 0%)
[2026-07-25 21:02:22] [INFO] Uso atual de memória: 18%
[2026-07-25 21:02:22] [INFO] === Verificação Concluída ===
[2026-07-25 21:04:35] [INFO] === Iniciando Verificação de Rotina ===
[2026-07-25 21:04:35] [ALERT] Uso de disco elevado: 1% (Limite: 0%)
[2026-07-25 21:04:35] [INFO] Uso atual de memória: 15%
[2026-07-25 21:04:35] [INFO] === Verificação Concluída ===
[2026-07-25 21:05:30] [INFO] === Iniciando Verificação de Rotina ===
[2026-07-25 21:05:30] [ALERT] Uso de disco elevado: 1% (Limite: 0%)
[2026-07-25 21:05:30] [INFO] Uso atual de memória: 15%
[2026-07-25 21:05:30] [INFO] === Verificação Concluída ===
[2026-07-25 21:07:40] [INFO] === Iniciando Verificação de Rotina ===
[2026-07-25 21:07:40] [ALERT] Uso de disco elevado: 1% (Limite: 0%)
[2026-07-25 21:07:40] [INFO] Uso atual de memória: 15%
[2026-07-25 21:07:40] [INFO] === Verificação Concluída ===
[2026-07-25 21:07:49] [INFO] === Iniciando Verificação de Rotina ===
[2026-07-25 21:07:49] [ALERT] Uso de disco elevado: 1% (Limite: 0%)
[2026-07-25 21:07:49] [INFO] Uso atual de memória: 15%
[2026-07-25 21:07:49] [INFO] === Verificação Concluída ===
[2026-07-25 21:08:15] [INFO] === Iniciando Verificação de Rotina ===
[2026-07-25 21:08:15] [ALERT] Uso de disco elevado: 1% (Limite: 0%)
[2026-07-25 21:08:15] [INFO] Uso atual de memória: 15%
[2026-07-25 21:08:15] [INFO] === Verificação Concluída ===
